Shuiniao
Shuiniao
Shuiniao
Shuiniao
Shuiniao
Shuiniao
Shuiniao
Shuiniao
Shuiniao
Shuiniao
Shuiniao
Shuiniao
Shuiniao
Shuiniao
Shuiniao
Shuiniao
Shuiniao
Shuiniao
Shuiniao
Shuiniao
Shuiniao
Shuiniao
Shuiniao
Shuiniao
Shuiniao
Shuiniao
Shuiniao
Shuiniao
Shuiniao
Shuiniao
Shuiniao
Shuiniao
Shuiniao
Shuiniao
Shuiniao
Huoyu
Shuiniao
Shuiniao
Shuiniao
Shuiniao
Shuiniao
Shuiniao
Shuiniao
Shuiniao
Shuiniao
Shuiniao
Shuiniao
Shuiniao
Shuiniao
Shuiniao
Shuiniao
Shuiniao
Shuiniao
Shuiniao
Shuiniao
Shuiniao
Shuiniao
Shuiniao
Shuiniao
Shuiniao
Shuiniao
Shuiniao
Shuiniao
Shuiniao
Shuiniao
Shuiniao
Shuiniao
Shuiniao
Huoyu
Shuiniao
Shuiniao
Shuiniao
Shuiniao
Shuiniao
Shuiniao
Shuiniao
Shuiniao
Shuiniao
Shuiniao
Shuiniao
Shuiniao
Huoyu
Shuiniao
Shuiniao
Shuiniao
Shuiniao
Shuiniao
Huoyu
Shuiniao
Huoyu
Shuiniao
Shuiniao
Shuiniao
Huoyu
Shuiniao
Shuiniao
Shuiniao
Huoyu
Shuiniao
Shuiniao
Shuiniao
Shuiniao
Shuiniao
Shuiniao
Shuiniao
Shuiniao
Shuiniao
Shuiniao
Huoyu
Shuiniao
Shuiniao
Shuiniao
Shuiniao
Shuiniao
Shuiniao
Shuiniao
Shuiniao
Shuiniao
Shuiniao
Huoyu
Shuiniao
Shuiniao
Shuiniao
Shuiniao
Shuiniao
Shuiniao
Shuiniao
Shuiniao
Shuiniao
Shuiniao
Shuiniao
Huoyu
Shuiniao
Huoyu
Shuiniao
Shuiniao
Huoyu
Shuiniao
Shuiniao
Shuiniao
Shuiniao
Shuiniao
Shuiniao
Shuiniao
Shuiniao
Shuiniao
Shuiniao
Shuiniao
Shuiniao
Shuiniao
Shuiniao
Shuiniao
Shuiniao
Shuiniao
Huoyu
Shuiniao
Shuiniao
Shuiniao
Shuiniao
Shuiniao
Shuiniao
Shuiniao
Shuiniao
Shuiniao
Shuiniao
Shuiniao
Shuiniao
Shuiniao
Shuiniao
Shuiniao
Shuiniao
Shuiniao
Shuiniao
Shuiniao
Shuiniao
Shuiniao
Huoyu
Shuiniao
Shuiniao
Shuiniao
Shuiniao
Huoyu
Shuiniao
Shuiniao
Shuiniao
Shuiniao
Shuiniao
Shuiniao
Shuiniao
Shuiniao
Shuiniao
Shuiniao
Shuiniao
Shuiniao
Shuiniao
Shuiniao
Shuiniao
Shuiniao
Shuiniao
Shuiniao
Shuiniao
Huoyu
Shuiniao
Shuiniao
Shuiniao
Shuiniao
Shuiniao
Huoyu
Shuiniao
Shuiniao
Shuiniao
Shuiniao
Shuiniao
Shuiniao
Shuiniao
Shuiniao
Shuiniao
Shuiniao
Shuiniao
Shuiniao
Shuiniao
Shuiniao
Shuiniao
Shuiniao
Shuiniao
Shuiniao
Shuiniao
Shuiniao
Shuiniao
Shuiniao
Shuiniao
Shuiniao
Shuiniao
Shuiniao
Huoyu
Shuiniao
Shuiniao
Shuiniao
Shuiniao
Huoyu
Huoyu
Shuiniao
Shuiniao
Shuiniao
Huoyu
Shuiniao
Shuiniao
Shuiniao
Huoyu
Huoyu
Shuiniao
Shuiniao
Shuiniao
Shuiniao
Shuiniao
Shuiniao
Shuiniao
Shuiniao
Shuiniao
Shuiniao
Shuiniao
Shuiniao
Shuiniao
Shuiniao
Shuiniao
Shuiniao
Shuiniao
Huoyu
Shuiniao
Shuiniao
Shuiniao
Shuiniao
Shuiniao
Shuiniao
Shuiniao
Shuiniao
Shuiniao
Shuiniao
Shuiniao
Shuiniao
Shuiniao
Shuiniao
Shuiniao
Shuiniao
Shuiniao
Shuiniao
Shuiniao
Shuiniao
Shuiniao
Shuiniao
Shuiniao
Shuiniao
Shuiniao
Shuiniao
Shuiniao
Shuiniao
Shuiniao
Shuiniao
Shuiniao
Shuiniao
Shuiniao
Shuiniao
Shuiniao
Shuiniao
Shuiniao
Shuiniao
Shuiniao
Shuiniao
Shuiniao
Shuiniao
Shuiniao
Shuiniao
Shuiniao
Shuiniao
Shuiniao
Shuiniao
Shuiniao
Shuiniao
Huoyu
Shuiniao
Shuiniao
Shuiniao
Huoyu
Shuiniao
Shuiniao
Shuiniao
Shuiniao
Shuiniao
Shuiniao
Shuiniao
Shuiniao
Shuiniao
Shuiniao
Huoyu
Huoyu
Shuiniao
Shuiniao
Shuiniao
Shuiniao
Shuiniao
Shuiniao
Shuiniao
Shuiniao
Shuiniao
Shuiniao
Shuiniao
Shuiniao
Shuiniao
Shuiniao
Shuiniao
Shuiniao
Shuiniao
Shuiniao
Shuiniao
Shuiniao
Huoyu
Shuiniao
Shuiniao
Shuiniao
Shuiniao
Shuiniao
Shuiniao
Shuiniao
Shuiniao
Shuiniao
Shuiniao
Shuiniao
Shuiniao
Huoyu
Shuiniao
Shuiniao
Shuiniao
Shuiniao
Shuiniao
Shuiniao
Shuiniao
Huoyu
Shuiniao
Shuiniao
Shuiniao
Shuiniao
Shuiniao
Shuiniao
Shuiniao
Shuiniao
Shuiniao
Shuiniao
Shuiniao
Shuiniao
Shuiniao
Shuiniao
Shuiniao
Shuiniao
Shuiniao
Shuiniao
Shuiniao
Shuiniao
Shuiniao
Shuiniao
Shuiniao
Huoyu
Shuiniao
Shuiniao
Shuiniao
Shuiniao
Shuiniao
Shuiniao
Shuiniao
Shuiniao
Shuiniao
Huoyu
Shuiniao
Shuiniao
Shuiniao
Huoyu
Shuiniao
Shuiniao
Shuiniao
Shuiniao
Shuiniao
Shuiniao
Shuiniao
Shuiniao
Shuiniao
Shuiniao
Shuiniao
Shuiniao
Shuiniao
Shuiniao
Shuiniao
Shuiniao
Shuiniao
Shuiniao
Shuiniao
Shuiniao
Shuiniao
Shuiniao
Shuiniao
Shuiniao
Shuiniao
Shuiniao
Shuiniao
Shuiniao
Shuiniao
Shuiniao
Shuiniao
Shuiniao
Shuiniao
Shuiniao
Shuiniao
Shuiniao
Shuiniao
Shuiniao
Shuiniao
Shuiniao
Shuiniao
Shuiniao
Shuiniao
Shuiniao
Shuiniao
Shuiniao
Shuiniao
Shuiniao
Huoyu
Shuiniao
Shuiniao
Shuiniao
Shuiniao
Huoyu
Shuiniao
Shuiniao
Shuiniao
Shuiniao
Shuiniao
Shuiniao
Shuiniao
Shuiniao
Shuiniao
Shuiniao
Shuiniao
Shuiniao
Shuiniao
Huoyu
Shuiniao
Shuiniao
Shuiniao
Shuiniao
Shuiniao
Huoyu
Shuiniao
Shuiniao
Shuiniao
Shuiniao
Shuiniao
Shuiniao
Shuiniao
Shuiniao
Huoyu
Shuiniao
Shuiniao
Shuiniao
Shuiniao
Huoyu
Shuiniao
Shuiniao
Huoyu
Shuiniao
Shuiniao
Shuiniao
Shuiniao
Shuiniao
Shuiniao
Shuiniao
Shuiniao
Shuiniao
Shuiniao
Shuiniao
Shuiniao
Shuiniao
Shuiniao
Shuiniao
Shuiniao
Shuiniao
Shuiniao
Shuiniao
Shuiniao
Huoyu
Shuiniao
Shuiniao
Shuiniao
Shuiniao
Shuiniao
Shuiniao
Shuiniao
Shuiniao
Shuiniao
Shuiniao
Shuiniao
Shuiniao
Huoyu
Shuiniao
Shuiniao
Shuiniao
Shuiniao
Shuiniao
Shuiniao
Huoyu
Shuiniao
Shuiniao
Shuiniao
Shuiniao
Shuiniao
Shuiniao
Huoyu
Huoyu
Shuiniao
Shuiniao
Shuiniao
Shuiniao
Shuiniao
Shuiniao
Shuiniao
Shuiniao
Shuiniao
Shuiniao
Shuiniao
Shuiniao
Shuiniao
Shuiniao
Shuiniao
Shuiniao
Shuiniao
Shuiniao
Shuiniao
Shuiniao
Shuiniao
Shuiniao
Shuiniao
Shuiniao
Shuiniao
Shuiniao
Shuiniao
Shuiniao
Shuiniao
Shuiniao
Shuiniao
Shuiniao
Huoyu
Shuiniao
Shuiniao
Shuiniao
Huoyu
Shuiniao
Shuiniao
Shuiniao
Shuiniao
Shuiniao
Shuiniao
Shuiniao
Shuiniao
Shuiniao
Shuiniao
Shuiniao
Shuiniao
Shuiniao
Shuiniao
Shuiniao
Shuiniao
Shuiniao
Shuiniao
Shuiniao
Shuiniao
Shuiniao
Shuiniao
Shuiniao
Shuiniao
Shuiniao
Shuiniao
Shuiniao
Shuiniao
Shuiniao
Shuiniao
Shuiniao
Shuiniao
Shuiniao
Shuiniao
Shuiniao
Shuiniao
Shuiniao
Shuiniao
Shuiniao
Shuiniao
Shuiniao
Shuiniao
Shuiniao
Shuiniao
Huoyu
Shuiniao
Shuiniao
Shuiniao
Shuiniao
Shuiniao
Shuiniao
Shuiniao
Shuiniao
Shuiniao
Shuiniao
Shuiniao
Shuiniao
Shuiniao
Shuiniao
Shuiniao
Shuiniao
Shuiniao
Huoyu
Shuiniao
Shuiniao
Shuiniao
Shuiniao
Shuiniao
Shuiniao
Shuiniao
Shuiniao
Shuiniao
Shuiniao
Shuiniao
Shuiniao
Shuiniao
Shuiniao
Shuiniao
Shuiniao
Shuiniao
Shuiniao
Shuiniao
Shuiniao
Shuiniao
Shuiniao
Shuiniao
Shuiniao
Shuiniao
Shuiniao
Shuiniao
Shuiniao
Shuiniao
Shuiniao
Shuiniao
Shuiniao
Shuiniao
Shuiniao
Shuiniao
Shuiniao
Shuiniao
Shuiniao
Shuiniao
Shuiniao
Shuiniao
Shuiniao
Shuiniao
Shuiniao
Shuiniao
Shuiniao
Shuiniao
Shuiniao
Shuiniao
Shuiniao
Shuiniao
Shuiniao
Shuiniao
Shuiniao
Shuiniao
Shuiniao
Shuiniao
Shuiniao
Shuiniao
Shuiniao
Shuiniao
Shuiniao
Shuiniao
Shuiniao
Shuiniao
Shuiniao
Shuiniao
Shuiniao
Shuiniao
Shuiniao
Huoyu
Shuiniao
Shuiniao
Huoyu
Shuiniao
Shuiniao
Shuiniao
Shuiniao
Shuiniao
Shuiniao
Shuiniao
Shuiniao
Shuiniao
Shuiniao
Shuiniao
Shuiniao
Shuiniao
Shuiniao
Shuiniao
Huoyu
Shuiniao
Shuiniao
Shuiniao
Shuiniao
Shuiniao
Shuiniao
Huoyu
Shuiniao
Shuiniao
Shuiniao
Huoyu
Shuiniao
Shuiniao
Shuiniao
Shuiniao
Shuiniao
Shuiniao
Shuiniao
Shuiniao
Shuiniao
Shuiniao
Shuiniao
Shuiniao
Shuiniao
Shuiniao
Shuiniao
Shuiniao
Shuiniao
Huoyu
Shuiniao
Shuiniao
Shuiniao
Shuiniao
Shuiniao
Shuiniao
Shuiniao
Shuiniao
Shuiniao
Huoyu
Shuiniao
Shuiniao
Shuiniao
Shuiniao
Shuiniao
Shuiniao
Shuiniao
Huoyu
Shuiniao
Shuiniao
Shuiniao
Shuiniao
Shuiniao
Huoyu
Shuiniao
Huoyu
Shuiniao
Huoyu
Shuiniao
Shuiniao
Shuiniao
Shuiniao
Shuiniao
Shuiniao
Shuiniao
Shuiniao
Shuiniao
Shuiniao
Shuiniao
Shuiniao
Shuiniao
Shuiniao
Shuiniao
Shuiniao
Shuiniao
Shuiniao
Shuiniao
Shuiniao
Shuiniao
Shuiniao
Shuiniao
Shuiniao
Shuiniao
Shuiniao
Shuiniao
Shuiniao
Shuiniao
Shuiniao
Shuiniao
Shuiniao
Shuiniao
Shuiniao
Shuiniao
Shuiniao
Shuiniao
Shuiniao
Huoyu
Shuiniao
Shuiniao
Shuiniao
Shuiniao
Shuiniao
Shuiniao
Shuiniao
Shuiniao
Huoyu
Shuiniao
Shuiniao
Shuiniao
Shuiniao
Shuiniao
Shuiniao
Shuiniao
Shuiniao
Shuiniao
Shuiniao
Shuiniao
Shuiniao
Shuiniao
Shuiniao
Huoyu
Shuiniao
Shuiniao
Shuiniao
Shuiniao
Huoyu
Shuiniao
Shuiniao
Shuiniao
Shuiniao
Shuiniao
Shuiniao
Shuiniao
Shuiniao
Shuiniao
Shuiniao
Shuiniao
Shuiniao
Shuiniao
Shuiniao
Shuiniao
Shuiniao
Shuiniao
Shuiniao
Shuiniao
Shuiniao
Shuiniao
Shuiniao
Shuiniao
Shuiniao
Shuiniao
Huoyu
Shuiniao
Shuiniao
Shuiniao
Shuiniao
Shuiniao
Shuiniao
Shuiniao
Shuiniao
Huoyu
Huoyu
Shuiniao
Shuiniao
Shuiniao
Huoyu
Shuiniao
Shuiniao
Shuiniao
Shuiniao
Shuiniao
Shuiniao
Shuiniao
Shuiniao
Shuiniao
Shuiniao
Shuiniao
Shuiniao
Shuiniao
Shuiniao
Shuiniao
Shuiniao
Shuiniao
Huoyu
Huoyu
Shuiniao
Shuiniao
Shuiniao
Shuiniao
Shuiniao
Shuiniao
Shuiniao
Shuiniao
Shuiniao
Shuiniao
Shuiniao
Shuiniao
Shuiniao
Shuiniao
Shuiniao
Shuiniao
Shuiniao
Shuiniao
Shuiniao
Shuiniao
Shuiniao
Shuiniao
Shuiniao
Shuiniao
Shuiniao
Huoyu
Shuiniao
Shuiniao
Huoyu
Shuiniao
Shuiniao
Shuiniao
Shuiniao
Shuiniao
Huoyu
Shuiniao
Shuiniao
Shuiniao
Shuiniao
Shuiniao
Shuiniao
Shuiniao
Shuiniao
Shuiniao
Shuiniao
Shuiniao
Shuiniao
Shuiniao
Shuiniao
Shuiniao
Shuiniao
Shuiniao
Shuiniao
Shuiniao
Shuiniao
Shuiniao
Shuiniao
Shuiniao
Shuiniao
Shuiniao
Shuiniao
Shuiniao
Shuiniao
Shuiniao
Shuiniao
Shuiniao
Shuiniao
Shuiniao
Shuiniao
Shuiniao
Shuiniao
