Shuiniao
Shuiniao
Shuiniao
Shuiniao
Shuiniao
Shuiniao
Shuiniao
Shuiniao
Shuiniao
Shuiniao
Shuiniao
Shuiniao
Shuiniao
Shuiniao
Shuiniao
Shuiniao
Shuiniao
Shuiniao
Shuiniao
Shuiniao
Shuiniao
Shuiniao
Shuiniao
Shuiniao
Shuiniao
Shuiniao
Shuiniao
Shuiniao
Shuiniao
Shuiniao
Shuiniao
Shuiniao
Shuiniao
Shuiniao
Shuiniao
Shuiniao
Shuiniao
Shuiniao
Shuiniao
Shuiniao
Shuiniao
Shuiniao
Shuiniao
Shuiniao
Shuiniao
Shuiniao
Shuiniao
Shuiniao
Shuiniao
Shuiniao
Shuiniao
Shuiniao
Shuiniao
Shuiniao
Shuiniao
Shuiniao
Shuiniao
Shuiniao
Shuiniao
Shuiniao
Shuiniao
Shuiniao
Shuiniao
Shuiniao
Shuiniao
Shuiniao
Shuiniao
Shuiniao
Shuiniao
Shuiniao
Shuiniao
Shuiniao
Shuiniao
Shuiniao
Shuiniao
Shuiniao
Shuiniao
Shuiniao
Shuiniao
Shuiniao
Shuiniao
Shuiniao
Shuiniao
Shuiniao
Shuiniao
Shuiniao
Shuiniao
Shuiniao
Shuiniao
Shuiniao
Shuiniao
Shuiniao
Shuiniao
Shuiniao
Shuiniao
Shuiniao
Shuiniao
Shuiniao
Shuiniao
Shuiniao
Shuiniao
Shuiniao
Shuiniao
Shuiniao
Shuiniao
Shuiniao
Shuiniao
Shuiniao
Shuiniao
Shuiniao
Shuiniao
Shuiniao
Shuiniao
Shuiniao
