Process (PID): 1 Thread(Tid): 1 Load: 100
Process (PID): 2 Thread(Tid): 2 Load: 100
Process (PID): 3 Thread(Tid): 3 Load: 100
Process (PID): 4 Thread(Tid): 4 Load: 100
Process (PID): 5 Thread(Tid): 5 Load: 100
Process (PID): 6 Thread(Tid): 6 Load: 100
Process (PID): 7 Thread(Tid): 7 Load: 100
Process (PID): 8 Thread(Tid): 8 Load: 100
Process (PID): 9 Thread(Tid): 9 Load: 100
Process (PID): 10 Thread(Tid): 10 Load: 100
Process (PID): 11 Thread(Tid): 11 Load: 100
Process (PID): 12 Thread(Tid): 12 Load: 100
Process (PID): 13 Thread(Tid): 13 Load: 100
Process (PID): 14 Thread(Tid): 14 Load: 100
Process (PID): 15 Thread(Tid): 15 Load: 100
Process (PID): 16 Thread(Tid): 16 Load: 100
Process (PID): 17 Thread(Tid): 17 Load: 100
Process (PID): 18 Thread(Tid): 18 Load: 100
Process (PID): 19 Thread(Tid): 19 Load: 100
Process (PID): 20 Thread(Tid): 20 Load: 100
Contention Cost: 38
