OK
OK
OK
OK: COMPLETE=0 INCOMPLETE=0 PEERS=[]
ERROR: Invalid info_hash
OK: COMPLETE=0 INCOMPLETE=1 PEERS=[(PEER-QIINSETKGTBJTSK,44.222.187.5,52004)]
OK: COMPLETE=1 INCOMPLETE=0 PEERS=[]
OK: COMPLETE=0 INCOMPLETE=0 PEERS=[]
OK: COMPLETE=0 INCOMPLETE=1 PEERS=[]
FROZEN
ERROR: Invalid info_hash
OK: COMPLETE=0 INCOMPLETE=1 PEERS=[(PEER-PTWOC7KFZE97X5Q,170.149.210.248,55043)]
ERROR: Invalid info_hash
OK: COMPLETE=0 INCOMPLETE=1 PEERS=[]
ERROR: Invalid info_hash
OK: COMPLETE=0 INCOMPLETE=1 PEERS=[]
OK
ERROR: Invalid info_hash
OK
OK: COMPLETE=0 INCOMPLETE=0 PEERS=[]
OK: COMPLETE=0 INCOMPLETE=2 PEERS=[(PEER-PTWOC7KFZE97X5Q,170.149.210.248,55043),(PEER-QTETQ1FSJ566CZH,225.216.255.248,57020)]
FROZEN
OK: COMPLETE=0 INCOMPLETE=0 PEERS=[]
OK
OK: COMPLETE=1 INCOMPLETE=0 PEERS=[]
OK: COMPLETE=1 INCOMPLETE=0 PEERS=[]
FROZEN
OK: COMPLETE=0 INCOMPLETE=0 PEERS=[]
OK: COMPLETE=0 INCOMPLETE=1 PEERS=[(PEER-PTWOC7KFZE97X5Q,170.149.210.248,55043)]
OK: COMPLETE=0 INCOMPLETE=1 PEERS=[(PEER-QIINSETKGTBJTSK,44.222.187.5,52004)]
OK: COMPLETE=0 INCOMPLETE=1 PEERS=[]
OK: COMPLETE=0 INCOMPLETE=1 PEERS=[]
OK
OK: COMPLETE=0 INCOMPLETE=0 PEERS=[]
OK: COMPLETE=0 INCOMPLETE=0 PEERS=[]
OK
OK
FROZEN
OK: COMPLETE=1 INCOMPLETE=0 PEERS=[]
OK: COMPLETE=1 INCOMPLETE=0 PEERS=[]
OK: COMPLETE=1 INCOMPLETE=0 PEERS=[]
OK
OK: COMPLETE=0 INCOMPLETE=0 PEERS=[]
OK
OK: COMPLETE=0 INCOMPLETE=0 PEERS=[]
OK: COMPLETE=2 INCOMPLETE=0 PEERS=[]
OK
OK: COMPLETE=0 INCOMPLETE=0 PEERS=[]
OK: COMPLETE=0 INCOMPLETE=0 PEERS=[]
OK
OK
OK: COMPLETE=0 INCOMPLETE=0 PEERS=[]
ERROR: Invalid info_hash
OK: COMPLETE=0 INCOMPLETE=0 PEERS=[]
OK: COMPLETE=2 INCOMPLETE=0 PEERS=[]
OK: COMPLETE=0 INCOMPLETE=0 PEERS=[]
OK: COMPLETE=2 INCOMPLETE=0 PEERS=[]
OK: COMPLETE=0 INCOMPLETE=1 PEERS=[(PEER-PTWOC7KFZE97X5Q,170.149.210.248,55043)]
OK
OK
OK
ERROR: Invalid info_hash
OK: COMPLETE=0 INCOMPLETE=1 PEERS=[]
OK
OK: COMPLETE=1 INCOMPLETE=0 PEERS=[]
OK
OK: COMPLETE=1 INCOMPLETE=1 PEERS=[(PEER-PTWOC7KFZE97X5Q,170.149.210.248,55043)]
OK: COMPLETE=1 INCOMPLETE=2 PEERS=[(PEER-GF12P95H9APC9HL,51.149.41.104,52552),(PEER-MOYGA1QVSXQBCHP,161.243.128.16,7127),(PEER-PTWOC7KFZE97X5Q,170.149.210.248,55043)]
OK: COMPLETE=1 INCOMPLETE=2 PEERS=[]
FROZEN
ERROR: Invalid info_hash
FROZEN
ERROR: Invalid info_hash
OK: COMPLETE=2 INCOMPLETE=0 PEERS=[]
OK: COMPLETE=0 INCOMPLETE=0 PEERS=[]
OK
OK: COMPLETE=0 INCOMPLETE=0 PEERS=[]
OK: COMPLETE=0 INCOMPLETE=1 PEERS=[(PEER-7PYQQEVLQBBC2C2,45.7.166.40,23798)]
OK: COMPLETE=0 INCOMPLETE=0 PEERS=[]
OK
OK
OK: COMPLETE=0 INCOMPLETE=1 PEERS=[]
OK: COMPLETE=2 INCOMPLETE=0 PEERS=[]
FROZEN
ERROR: Invalid info_hash
OK
OK: COMPLETE=0 INCOMPLETE=2 PEERS=[(PEER-KBBFBLEAW3JLF2M,206.184.54.237,6448),(PEER-7PYQQEVLQBBC2C2,45.7.166.40,23798)]
ERROR: Invalid info_hash
OK: COMPLETE=1 INCOMPLETE=2 PEERS=[(PEER-KBBFBLEAW3JLF2M,206.184.54.237,6448),(PEER-7PYQQEVLQBBC2C2,45.7.166.40,23798)]
OK: COMPLETE=2 INCOMPLETE=2 PEERS=[(PEER-KBBFBLEAW3JLF2M,206.184.54.237,6448),(PEER-7PYQQEVLQBBC2C2,45.7.166.40,23798)]
OK
OK: COMPLETE=2 INCOMPLETE=2 PEERS=[]
OK: COMPLETE=0 INCOMPLETE=0 PEERS=[]
OK: COMPLETE=0 INCOMPLETE=0 PEERS=[]
OK: COMPLETE=0 INCOMPLETE=1 PEERS=[(PEER-QIINSETKGTBJTSK,44.222.187.5,52004)]
OK: COMPLETE=0 INCOMPLETE=0 PEERS=[]
OK: COMPLETE=0 INCOMPLETE=1 PEERS=[]
ERROR: Invalid info_hash
OK
ERROR: Invalid info_hash
