OK
OK
OK
OK
OK
OK
OK
OK
OK
OK
OK: COMPLETE=0 INCOMPLETE=0 PEERS=[]
OK: COMPLETE=0 INCOMPLETE=0 PEERS=[]
OK: COMPLETE=0 INCOMPLETE=0 PEERS=[]
OK: COMPLETE=0 INCOMPLETE=0 PEERS=[]
ERROR: Invalid info_hash
ERROR: Invalid info_hash
OK: COMPLETE=0 INCOMPLETE=0 PEERS=[]
OK
OK: COMPLETE=0 INCOMPLETE=0 PEERS=[]
ERROR: Invalid info_hash
OK: COMPLETE=0 INCOMPLETE=0 PEERS=[]
OK: COMPLETE=0 INCOMPLETE=0 PEERS=[]
OK: COMPLETE=0 INCOMPLETE=0 PEERS=[]
ERROR: Invalid info_hash
OK: COMPLETE=0 INCOMPLETE=0 PEERS=[]
OK: COMPLETE=1 INCOMPLETE=0 PEERS=[]
OK
OK
OK
ERROR: Invalid info_hash
ERROR: Invalid info_hash
OK: COMPLETE=0 INCOMPLETE=0 PEERS=[]
OK: COMPLETE=0 INCOMPLETE=0 PEERS=[]
OK
ERROR: Torrent already exists
OK
OK: COMPLETE=0 INCOMPLETE=0 PEERS=[]
OK
OK: COMPLETE=0 INCOMPLETE=0 PEERS=[]
FROZEN
ERROR: Invalid info_hash
OK
OK: COMPLETE=0 INCOMPLETE=0 PEERS=[]
OK: COMPLETE=0 INCOMPLETE=1 PEERS=[(PEER-8TV0UYD0G7R522L,58.213.245.138,61077)]
OK: COMPLETE=1 INCOMPLETE=0 PEERS=[]
OK: COMPLETE=0 INCOMPLETE=1 PEERS=[(PEER-6YDRMPDV146T1T9,76.118.176.13,59293)]
OK: COMPLETE=0 INCOMPLETE=1 PEERS=[(PEER-8TV0UYD0G7R522L,58.213.245.138,61077)]
OK: COMPLETE=0 INCOMPLETE=2 PEERS=[(PEER-V7D762RBXRA7OXI,224.196.7.245,10945),(PEER-6YDRMPDV146T1T9,76.118.176.13,59293)]
OK
OK: COMPLETE=0 INCOMPLETE=0 PEERS=[]
OK: COMPLETE=0 INCOMPLETE=2 PEERS=[(PEER-BPGKQAFKH4P7HT6,248.105.151.8,57302),(PEER-8TV0UYD0G7R522L,58.213.245.138,61077)]
OK: COMPLETE=1 INCOMPLETE=0 PEERS=[]
OK
ERROR: Invalid info_hash
FROZEN
OK: COMPLETE=0 INCOMPLETE=0 PEERS=[]
OK
OK
OK: COMPLETE=0 INCOMPLETE=0 PEERS=[]
ERROR: Invalid info_hash
OK: COMPLETE=0 INCOMPLETE=2 PEERS=[]
ERROR: Invalid info_hash
OK
ERROR: Invalid info_hash
OK
OK: COMPLETE=1 INCOMPLETE=0 PEERS=[]
ERROR: Invalid info_hash
OK
ERROR: Invalid info_hash
ERROR: Invalid info_hash
OK
OK
OK: COMPLETE=0 INCOMPLETE=0 PEERS=[]
OK: COMPLETE=0 INCOMPLETE=0 PEERS=[]
OK
OK: COMPLETE=1 INCOMPLETE=0 PEERS=[]
OK: COMPLETE=1 INCOMPLETE=1 PEERS=[(PEER-IMZHHXMG7RQ9NDC,177.180.240.244,20938),(PEER-PTWOC7KFZE97X5Q,170.149.210.248,55043)]
OK
OK: COMPLETE=1 INCOMPLETE=1 PEERS=[]
OK: COMPLETE=0 INCOMPLETE=0 PEERS=[]
OK: COMPLETE=0 INCOMPLETE=0 PEERS=[]
OK: COMPLETE=0 INCOMPLETE=0 PEERS=[]
OK: COMPLETE=1 INCOMPLETE=1 PEERS=[]
ERROR: Invalid info_hash
ERROR: Invalid info_hash
FROZEN
OK: COMPLETE=0 INCOMPLETE=2 PEERS=[]
OK
OK: COMPLETE=0 INCOMPLETE=0 PEERS=[]
ERROR: Invalid info_hash
ERROR: Invalid info_hash
OK: COMPLETE=1 INCOMPLETE=1 PEERS=[]
OK: COMPLETE=0 INCOMPLETE=0 PEERS=[]
OK: COMPLETE=1 INCOMPLETE=1 PEERS=[]
OK: COMPLETE=0 INCOMPLETE=1 PEERS=[(PEER-TT2CZGJ4LCCKJ4V,16.180.199.119,58333)]
OK: COMPLETE=2 INCOMPLETE=1 PEERS=[(PEER-PTWOC7KFZE97X5Q,170.149.210.248,55043)]
OK: COMPLETE=0 INCOMPLETE=1 PEERS=[(PEER-Q0L191KY2U0HM8W,211.217.2.32,27258)]
OK
ERROR: Invalid info_hash
OK: COMPLETE=0 INCOMPLETE=1 PEERS=[]
OK
OK: COMPLETE=0 INCOMPLETE=0 PEERS=[]
OK
OK: COMPLETE=0 INCOMPLETE=0 PEERS=[]
OK: COMPLETE=0 INCOMPLETE=0 PEERS=[]
OK: COMPLETE=0 INCOMPLETE=1 PEERS=[(PEER-6YDRMPDV146T1T9,76.118.176.13,59293)]
OK
OK
ERROR: Invalid info_hash
OK: COMPLETE=0 INCOMPLETE=0 PEERS=[]
OK
OK: COMPLETE=1 INCOMPLETE=0 PEERS=[]
OK: COMPLETE=1 INCOMPLETE=0 PEERS=[]
OK: COMPLETE=0 INCOMPLETE=0 PEERS=[]
OK
OK: COMPLETE=0 INCOMPLETE=0 PEERS=[]
OK
OK: COMPLETE=1 INCOMPLETE=0 PEERS=[]
OK: COMPLETE=0 INCOMPLETE=1 PEERS=[(PEER-6YDRMPDV146T1T9,76.118.176.13,59293)]
OK
OK: COMPLETE=0 INCOMPLETE=0 PEERS=[]
FROZEN
FROZEN
OK: COMPLETE=0 INCOMPLETE=1 PEERS=[]
OK: COMPLETE=1 INCOMPLETE=0 PEERS=[]
OK: COMPLETE=2 INCOMPLETE=1 PEERS=[]
OK: COMPLETE=0 INCOMPLETE=0 PEERS=[]
OK
FROZEN
OK: COMPLETE=2 INCOMPLETE=1 PEERS=[]
OK: COMPLETE=0 INCOMPLETE=0 PEERS=[]
OK: COMPLETE=0 INCOMPLETE=1 PEERS=[]
FROZEN
OK: COMPLETE=0 INCOMPLETE=0 PEERS=[]
OK: COMPLETE=0 INCOMPLETE=1 PEERS=[]
FROZEN
OK: COMPLETE=0 INCOMPLETE=0 PEERS=[]
OK: COMPLETE=0 INCOMPLETE=0 PEERS=[]
OK
OK: COMPLETE=0 INCOMPLETE=0 PEERS=[]
OK
OK
OK
OK
OK: COMPLETE=0 INCOMPLETE=0 PEERS=[]
FROZEN
FROZEN
OK: COMPLETE=1 INCOMPLETE=0 PEERS=[]
OK: COMPLETE=0 INCOMPLETE=1 PEERS=[(PEER-X1JPKA32ZEMBF6X,12.249.238.7,62471)]
OK: COMPLETE=1 INCOMPLETE=0 PEERS=[]
OK
OK: COMPLETE=0 INCOMPLETE=0 PEERS=[]
OK
OK
OK
ERROR: Invalid info_hash
OK
OK
OK
OK: COMPLETE=1 INCOMPLETE=0 PEERS=[]
OK
OK
OK
OK
OK: COMPLETE=1 INCOMPLETE=0 PEERS=[]
OK: COMPLETE=0 INCOMPLETE=0 PEERS=[]
OK: COMPLETE=0 INCOMPLETE=1 PEERS=[]
OK
OK
OK: COMPLETE=1 INCOMPLETE=1 PEERS=[(PEER-IMZHHXMG7RQ9NDC,177.180.240.244,20938)]
OK: COMPLETE=0 INCOMPLETE=1 PEERS=[]
OK
OK: COMPLETE=0 INCOMPLETE=0 PEERS=[]
OK
FROZEN
OK: COMPLETE=1 INCOMPLETE=0 PEERS=[]
OK: COMPLETE=0 INCOMPLETE=0 PEERS=[]
OK: COMPLETE=0 INCOMPLETE=0 PEERS=[]
OK: COMPLETE=0 INCOMPLETE=1 PEERS=[]
OK
ERROR: Torrent already exists
OK: COMPLETE=1 INCOMPLETE=0 PEERS=[]
OK: COMPLETE=0 INCOMPLETE=0 PEERS=[]
OK
OK: COMPLETE=0 INCOMPLETE=0 PEERS=[]
OK: COMPLETE=1 INCOMPLETE=0 PEERS=[]
OK: COMPLETE=1 INCOMPLETE=0 PEERS=[]
OK: COMPLETE=1 INCOMPLETE=0 PEERS=[]
OK: COMPLETE=0 INCOMPLETE=1 PEERS=[]
FROZEN
ERROR: Invalid info_hash
ERROR: Invalid info_hash
OK: COMPLETE=0 INCOMPLETE=0 PEERS=[]
OK: COMPLETE=0 INCOMPLETE=0 PEERS=[]
OK: COMPLETE=0 INCOMPLETE=1 PEERS=[]
OK: COMPLETE=0 INCOMPLETE=0 PEERS=[]
OK
FROZEN
OK: COMPLETE=0 INCOMPLETE=0 PEERS=[]
OK
OK: COMPLETE=1 INCOMPLETE=0 PEERS=[]
OK: COMPLETE=1 INCOMPLETE=0 PEERS=[]
OK
OK
OK: COMPLETE=1 INCOMPLETE=0 PEERS=[]
OK: COMPLETE=1 INCOMPLETE=0 PEERS=[]
OK: COMPLETE=0 INCOMPLETE=0 PEERS=[]
OK
OK
OK
ERROR: Invalid info_hash
OK: COMPLETE=0 INCOMPLETE=0 PEERS=[]
OK
ERROR: Invalid info_hash
OK: COMPLETE=1 INCOMPLETE=0 PEERS=[]
OK: COMPLETE=0 INCOMPLETE=0 PEERS=[]
OK: COMPLETE=1 INCOMPLETE=0 PEERS=[]
OK
OK
OK
OK: COMPLETE=1 INCOMPLETE=0 PEERS=[]
OK: COMPLETE=2 INCOMPLETE=0 PEERS=[]
OK: COMPLETE=1 INCOMPLETE=0 PEERS=[]
OK: COMPLETE=2 INCOMPLETE=0 PEERS=[]
OK: COMPLETE=0 INCOMPLETE=0 PEERS=[]
FROZEN
OK: COMPLETE=1 INCOMPLETE=0 PEERS=[]
OK: COMPLETE=0 INCOMPLETE=0 PEERS=[]
FROZEN
ERROR: Invalid info_hash
OK
OK
FROZEN
FROZEN
OK: COMPLETE=0 INCOMPLETE=0 PEERS=[]
OK: COMPLETE=1 INCOMPLETE=0 PEERS=[]
OK: COMPLETE=0 INCOMPLETE=0 PEERS=[]
OK: COMPLETE=0 INCOMPLETE=0 PEERS=[]
ERROR: Torrent already exists
OK: COMPLETE=0 INCOMPLETE=0 PEERS=[]
OK: COMPLETE=0 INCOMPLETE=0 PEERS=[]
ERROR: Invalid info_hash
OK
OK
ERROR: Torrent already exists
OK: COMPLETE=0 INCOMPLETE=0 PEERS=[]
OK: COMPLETE=0 INCOMPLETE=0 PEERS=[]
OK
OK
OK: COMPLETE=0 INCOMPLETE=0 PEERS=[]
OK: COMPLETE=1 INCOMPLETE=0 PEERS=[]
OK: COMPLETE=0 INCOMPLETE=0 PEERS=[]
OK: COMPLETE=2 INCOMPLETE=0 PEERS=[]
OK
OK
OK
OK: COMPLETE=0 INCOMPLETE=0 PEERS=[]
OK: COMPLETE=2 INCOMPLETE=0 PEERS=[]
OK: COMPLETE=0 INCOMPLETE=0 PEERS=[]
OK
OK: COMPLETE=0 INCOMPLETE=0 PEERS=[]
ERROR: Torrent already exists
OK: COMPLETE=1 INCOMPLETE=0 PEERS=[]
OK
ERROR: Torrent already exists
ERROR: Torrent already exists
OK: COMPLETE=2 INCOMPLETE=0 PEERS=[]
OK: COMPLETE=0 INCOMPLETE=0 PEERS=[]
OK: COMPLETE=0 INCOMPLETE=0 PEERS=[]
OK: COMPLETE=1 INCOMPLETE=0 PEERS=[]
OK
OK: COMPLETE=2 INCOMPLETE=0 PEERS=[]
OK
OK
OK: COMPLETE=1 INCOMPLETE=0 PEERS=[]
ERROR: Invalid info_hash
OK: COMPLETE=2 INCOMPLETE=0 PEERS=[]
OK: COMPLETE=2 INCOMPLETE=0 PEERS=[]
OK: COMPLETE=0 INCOMPLETE=0 PEERS=[]
OK: COMPLETE=1 INCOMPLETE=0 PEERS=[]
OK
OK
ERROR: Invalid info_hash
OK: COMPLETE=0 INCOMPLETE=0 PEERS=[]
OK: COMPLETE=0 INCOMPLETE=0 PEERS=[]
OK: COMPLETE=2 INCOMPLETE=0 PEERS=[]
OK: COMPLETE=0 INCOMPLETE=0 PEERS=[]
OK: COMPLETE=0 INCOMPLETE=0 PEERS=[]
OK: COMPLETE=0 INCOMPLETE=0 PEERS=[]
OK: COMPLETE=1 INCOMPLETE=1 PEERS=[(PEER-L0VLK2M0N030876,164.12.181.68,5671),(PEER-690JCX9M4B8099C,83.126.199.142,24985)]
ERROR: Invalid info_hash
OK: COMPLETE=0 INCOMPLETE=0 PEERS=[]
OK: COMPLETE=0 INCOMPLETE=0 PEERS=[]
OK: COMPLETE=1 INCOMPLETE=0 PEERS=[]
OK: COMPLETE=2 INCOMPLETE=1 PEERS=[(PEER-690JCX9M4B8099C,83.126.199.142,24985)]
OK: COMPLETE=2 INCOMPLETE=0 PEERS=[]
OK: COMPLETE=1 INCOMPLETE=0 PEERS=[]
OK: COMPLETE=2 INCOMPLETE=0 PEERS=[]
OK: COMPLETE=0 INCOMPLETE=1 PEERS=[(PEER-5JDP09S6RL70EAK,222.33.34.116,6154)]
OK: COMPLETE=0 INCOMPLETE=0 PEERS=[]
OK
OK: COMPLETE=1 INCOMPLETE=0 PEERS=[]
OK: COMPLETE=1 INCOMPLETE=0 PEERS=[]
OK
OK: COMPLETE=0 INCOMPLETE=0 PEERS=[]
OK: COMPLETE=1 INCOMPLETE=0 PEERS=[]
OK: COMPLETE=0 INCOMPLETE=1 PEERS=[(PEER-4107ZG3LPJVFNOJ,66.212.212.58,49068)]
FROZEN
OK: COMPLETE=1 INCOMPLETE=0 PEERS=[]
OK: COMPLETE=2 INCOMPLETE=1 PEERS=[(PEER-GF12P95H9APC9HL,51.149.41.104,52552),(PEER-I8708OMWGKBICUM,97.33.148.61,47336),(PEER-4107ZG3LPJVFNOJ,66.212.212.58,49068)]
OK: COMPLETE=1 INCOMPLETE=0 PEERS=[]
OK: COMPLETE=0 INCOMPLETE=0 PEERS=[]
OK: COMPLETE=1 INCOMPLETE=0 PEERS=[]
OK: COMPLETE=2 INCOMPLETE=0 PEERS=[]
OK: COMPLETE=2 INCOMPLETE=1 PEERS=[]
OK: COMPLETE=1 INCOMPLETE=0 PEERS=[]
FROZEN
OK: COMPLETE=1 INCOMPLETE=0 PEERS=[]
OK: COMPLETE=0 INCOMPLETE=0 PEERS=[]
OK
OK: COMPLETE=2 INCOMPLETE=1 PEERS=[]
OK
OK: COMPLETE=0 INCOMPLETE=0 PEERS=[]
OK: COMPLETE=1 INCOMPLETE=0 PEERS=[]
OK: COMPLETE=1 INCOMPLETE=0 PEERS=[]
OK: COMPLETE=2 INCOMPLETE=1 PEERS=[]
OK: COMPLETE=0 INCOMPLETE=1 PEERS=[(PEER-93XA4XZRPO0SALD,176.107.112.253,26513)]
OK
FROZEN
OK: COMPLETE=2 INCOMPLETE=0 PEERS=[]
FROZEN
OK
OK: COMPLETE=1 INCOMPLETE=0 PEERS=[]
OK
OK
OK
OK: COMPLETE=0 INCOMPLETE=1 PEERS=[]
OK: COMPLETE=2 INCOMPLETE=0 PEERS=[]
OK: COMPLETE=1 INCOMPLETE=0 PEERS=[]
OK: COMPLETE=0 INCOMPLETE=0 PEERS=[]
OK
OK: COMPLETE=2 INCOMPLETE=0 PEERS=[]
OK: COMPLETE=0 INCOMPLETE=0 PEERS=[]
OK: COMPLETE=1 INCOMPLETE=0 PEERS=[]
OK: COMPLETE=0 INCOMPLETE=0 PEERS=[]
OK: COMPLETE=1 INCOMPLETE=0 PEERS=[]
OK
ERROR: Torrent already exists
OK: COMPLETE=2 INCOMPLETE=0 PEERS=[]
OK: COMPLETE=2 INCOMPLETE=1 PEERS=[]
OK: COMPLETE=0 INCOMPLETE=0 PEERS=[]
OK
OK: COMPLETE=0 INCOMPLETE=0 PEERS=[]
OK: COMPLETE=2 INCOMPLETE=1 PEERS=[]
OK: COMPLETE=1 INCOMPLETE=0 PEERS=[]
OK: COMPLETE=2 INCOMPLETE=0 PEERS=[]
OK: COMPLETE=1 INCOMPLETE=0 PEERS=[]
OK: COMPLETE=1 INCOMPLETE=0 PEERS=[]
OK: COMPLETE=0 INCOMPLETE=1 PEERS=[]
OK: COMPLETE=2 INCOMPLETE=0 PEERS=[]
OK: COMPLETE=2 INCOMPLETE=1 PEERS=[]
OK
FROZEN
FROZEN
OK
OK
OK: COMPLETE=2 INCOMPLETE=0 PEERS=[]
OK: COMPLETE=0 INCOMPLETE=0 PEERS=[]
OK: COMPLETE=2 INCOMPLETE=0 PEERS=[]
OK: COMPLETE=0 INCOMPLETE=0 PEERS=[]
ERROR: Invalid info_hash
OK
ERROR: Invalid info_hash
OK: COMPLETE=0 INCOMPLETE=0 PEERS=[]
OK
OK: COMPLETE=1 INCOMPLETE=0 PEERS=[]
FROZEN
OK: COMPLETE=2 INCOMPLETE=0 PEERS=[]
OK
FROZEN
OK: COMPLETE=0 INCOMPLETE=0 PEERS=[]
OK: COMPLETE=0 INCOMPLETE=0 PEERS=[]
OK: COMPLETE=0 INCOMPLETE=0 PEERS=[]
OK: COMPLETE=2 INCOMPLETE=0 PEERS=[]
OK: COMPLETE=0 INCOMPLETE=0 PEERS=[]
ERROR: Torrent already exists
OK: COMPLETE=2 INCOMPLETE=0 PEERS=[]
ERROR: Invalid info_hash
OK: COMPLETE=2 INCOMPLETE=0 PEERS=[]
OK
OK: COMPLETE=0 INCOMPLETE=0 PEERS=[]
OK: COMPLETE=2 INCOMPLETE=0 PEERS=[]
ERROR: Invalid info_hash
OK: COMPLETE=2 INCOMPLETE=0 PEERS=[]
OK: COMPLETE=2 INCOMPLETE=2 PEERS=[(PEER-PTWOC7KFZE97X5Q,170.149.210.248,55043),(PEER-L0VLK2M0N030876,164.12.181.68,5671),(PEER-690JCX9M4B8099C,83.126.199.142,24985),(PEER-K3ITC36IXWGJGFH,112.150.185.37,54341)]
OK: COMPLETE=2 INCOMPLETE=2 PEERS=[]
OK: COMPLETE=1 INCOMPLETE=0 PEERS=[]
OK
OK: COMPLETE=1 INCOMPLETE=0 PEERS=[]
OK
OK
OK
OK: COMPLETE=2 INCOMPLETE=0 PEERS=[]
ERROR: Torrent already exists
FROZEN
OK
OK
OK: COMPLETE=0 INCOMPLETE=0 PEERS=[]
OK: COMPLETE=0 INCOMPLETE=1 PEERS=[(PEER-IULXMZ5SZM5YE39,254.155.86.207,50196)]
OK: COMPLETE=0 INCOMPLETE=0 PEERS=[]
OK: COMPLETE=2 INCOMPLETE=0 PEERS=[]
ERROR: Invalid info_hash
OK: COMPLETE=0 INCOMPLETE=0 PEERS=[]
OK: COMPLETE=0 INCOMPLETE=0 PEERS=[]
OK: COMPLETE=0 INCOMPLETE=0 PEERS=[]
OK
FROZEN
ERROR: Invalid info_hash
OK: COMPLETE=0 INCOMPLETE=0 PEERS=[]
OK: COMPLETE=2 INCOMPLETE=0 PEERS=[]
OK: COMPLETE=1 INCOMPLETE=0 PEERS=[]
OK: COMPLETE=0 INCOMPLETE=0 PEERS=[]
OK
OK: COMPLETE=3 INCOMPLETE=0 PEERS=[]
FROZEN
FROZEN
OK: COMPLETE=0 INCOMPLETE=0 PEERS=[]
OK: COMPLETE=2 INCOMPLETE=0 PEERS=[]
FROZEN
OK
OK
OK: COMPLETE=2 INCOMPLETE=2 PEERS=[]
ERROR: Invalid info_hash
OK
OK: COMPLETE=0 INCOMPLETE=0 PEERS=[]
OK: COMPLETE=1 INCOMPLETE=0 PEERS=[]
OK
OK: COMPLETE=0 INCOMPLETE=0 PEERS=[]
FROZEN
OK: COMPLETE=0 INCOMPLETE=0 PEERS=[]
ERROR: Invalid info_hash
OK: COMPLETE=2 INCOMPLETE=0 PEERS=[]
OK: COMPLETE=0 INCOMPLETE=0 PEERS=[]
OK: COMPLETE=0 INCOMPLETE=0 PEERS=[]
OK: COMPLETE=0 INCOMPLETE=0 PEERS=[]
OK
OK
OK: COMPLETE=0 INCOMPLETE=1 PEERS=[(PEER-IULXMZ5SZM5YE39,254.155.86.207,50196)]
OK
OK: COMPLETE=0 INCOMPLETE=1 PEERS=[(PEER-8XZUN30S44GSFC9,24.188.147.52,20852)]
OK
OK
OK: COMPLETE=0 INCOMPLETE=1 PEERS=[]
ERROR: Invalid info_hash
OK: COMPLETE=1 INCOMPLETE=1 PEERS=[(PEER-8XZUN30S44GSFC9,24.188.147.52,20852)]
OK: COMPLETE=0 INCOMPLETE=0 PEERS=[]
OK: COMPLETE=0 INCOMPLETE=0 PEERS=[]
OK: COMPLETE=1 INCOMPLETE=0 PEERS=[]
OK: COMPLETE=0 INCOMPLETE=0 PEERS=[]
OK
OK: COMPLETE=0 INCOMPLETE=0 PEERS=[]
OK: COMPLETE=1 INCOMPLETE=1 PEERS=[]
ERROR: Invalid info_hash
OK
OK
OK: COMPLETE=0 INCOMPLETE=0 PEERS=[]
OK
OK: COMPLETE=0 INCOMPLETE=0 PEERS=[]
OK: COMPLETE=0 INCOMPLETE=1 PEERS=[]
OK: COMPLETE=0 INCOMPLETE=1 PEERS=[]
OK: COMPLETE=2 INCOMPLETE=2 PEERS=[]
OK: COMPLETE=0 INCOMPLETE=0 PEERS=[]
ERROR: Invalid info_hash
OK: COMPLETE=0 INCOMPLETE=1 PEERS=[(PEER-TX3T3URZ2KWFDZA,227.47.60.217,9897)]
OK: COMPLETE=0 INCOMPLETE=0 PEERS=[]
OK: COMPLETE=0 INCOMPLETE=0 PEERS=[]
OK: COMPLETE=1 INCOMPLETE=1 PEERS=[(PEER-HVP4C0VQWUGNQ1H,244.236.25.168,32018),(PEER-A4H2T3EA5QBS4LN,114.127.16.77,28407)]
OK: COMPLETE=1 INCOMPLETE=0 PEERS=[]
OK
OK: COMPLETE=0 INCOMPLETE=1 PEERS=[(PEER-USR8IIOLSYVMODM,33.80.38.39,23971)]
OK: COMPLETE=1 INCOMPLETE=0 PEERS=[]
OK: COMPLETE=0 INCOMPLETE=0 PEERS=[]
OK
ERROR: Invalid info_hash
OK: COMPLETE=0 INCOMPLETE=0 PEERS=[]
OK: COMPLETE=0 INCOMPLETE=1 PEERS=[(PEER-3VDL5ABM21DVZX6,208.11.225.143,10125)]
OK
OK: COMPLETE=1 INCOMPLETE=0 PEERS=[]
OK: COMPLETE=0 INCOMPLETE=0 PEERS=[]
OK
OK: COMPLETE=0 INCOMPLETE=1 PEERS=[(PEER-RKWAEKKIR7LVP1U,89.129.51.206,18076)]
ERROR: Invalid info_hash
OK: COMPLETE=0 INCOMPLETE=0 PEERS=[]
OK: COMPLETE=0 INCOMPLETE=0 PEERS=[]
FROZEN
OK: COMPLETE=0 INCOMPLETE=0 PEERS=[]
OK: COMPLETE=0 INCOMPLETE=0 PEERS=[]
ERROR: Invalid info_hash
OK
OK: COMPLETE=0 INCOMPLETE=0 PEERS=[]
OK
ERROR: Invalid info_hash
OK: COMPLETE=0 INCOMPLETE=0 PEERS=[]
OK: COMPLETE=0 INCOMPLETE=0 PEERS=[]
ERROR: Invalid info_hash
OK
OK: COMPLETE=0 INCOMPLETE=1 PEERS=[(PEER-D5II94U3J9S0UAY,167.171.140.39,26937)]
OK
OK
OK: COMPLETE=0 INCOMPLETE=0 PEERS=[]
ERROR: Invalid info_hash
OK: COMPLETE=0 INCOMPLETE=0 PEERS=[]
OK: COMPLETE=0 INCOMPLETE=1 PEERS=[]
OK: COMPLETE=0 INCOMPLETE=1 PEERS=[]
OK
OK: COMPLETE=0 INCOMPLETE=1 PEERS=[]
OK: COMPLETE=0 INCOMPLETE=1 PEERS=[]
OK: COMPLETE=0 INCOMPLETE=0 PEERS=[]
OK: COMPLETE=0 INCOMPLETE=1 PEERS=[]
OK: COMPLETE=0 INCOMPLETE=1 PEERS=[]
ERROR: Invalid info_hash
OK: COMPLETE=0 INCOMPLETE=1 PEERS=[(PEER-LM5SA51IMPNE04M,194.119.136.79,34987)]
OK: COMPLETE=0 INCOMPLETE=0 PEERS=[]
OK: COMPLETE=1 INCOMPLETE=0 PEERS=[]
OK
OK: COMPLETE=2 INCOMPLETE=1 PEERS=[(PEER-A4H2T3EA5QBS4LN,114.127.16.77,28407)]
OK: COMPLETE=0 INCOMPLETE=0 PEERS=[]
OK
OK: COMPLETE=0 INCOMPLETE=1 PEERS=[]
OK: COMPLETE=0 INCOMPLETE=1 PEERS=[]
OK: COMPLETE=0 INCOMPLETE=0 PEERS=[]
OK: COMPLETE=0 INCOMPLETE=1 PEERS=[]
OK
OK: COMPLETE=1 INCOMPLETE=0 PEERS=[]
OK: COMPLETE=0 INCOMPLETE=0 PEERS=[]
OK: COMPLETE=1 INCOMPLETE=0 PEERS=[]
OK: COMPLETE=0 INCOMPLETE=0 PEERS=[]
OK
OK: COMPLETE=0 INCOMPLETE=0 PEERS=[]
OK: COMPLETE=0 INCOMPLETE=0 PEERS=[]
FROZEN
OK: COMPLETE=2 INCOMPLETE=0 PEERS=[]
OK: COMPLETE=0 INCOMPLETE=1 PEERS=[]
OK: COMPLETE=0 INCOMPLETE=0 PEERS=[]
OK: COMPLETE=1 INCOMPLETE=1 PEERS=[]
OK: COMPLETE=0 INCOMPLETE=0 PEERS=[]
OK: COMPLETE=1 INCOMPLETE=0 PEERS=[]
OK: COMPLETE=0 INCOMPLETE=0 PEERS=[]
ERROR: Invalid info_hash
OK: COMPLETE=1 INCOMPLETE=1 PEERS=[(PEER-93XA4XZRPO0SALD,176.107.112.253,26513)]
OK: COMPLETE=1 INCOMPLETE=0 PEERS=[]
OK: COMPLETE=0 INCOMPLETE=1 PEERS=[]
OK: COMPLETE=0 INCOMPLETE=0 PEERS=[]
OK: COMPLETE=0 INCOMPLETE=0 PEERS=[]
OK
OK: COMPLETE=0 INCOMPLETE=0 PEERS=[]
OK: COMPLETE=2 INCOMPLETE=2 PEERS=[]
OK
OK
ERROR: Invalid info_hash
OK: COMPLETE=1 INCOMPLETE=0 PEERS=[]
OK: COMPLETE=0 INCOMPLETE=1 PEERS=[]
OK: COMPLETE=2 INCOMPLETE=0 PEERS=[]
ERROR: Torrent already exists
OK: COMPLETE=0 INCOMPLETE=0 PEERS=[]
OK: COMPLETE=0 INCOMPLETE=0 PEERS=[]
ERROR: Invalid info_hash
OK
OK
ERROR: Invalid info_hash
OK: COMPLETE=3 INCOMPLETE=2 PEERS=[(PEER-690JCX9M4B8099C,83.126.199.142,24985),(PEER-K3ITC36IXWGJGFH,112.150.185.37,54341)]
OK: COMPLETE=1 INCOMPLETE=0 PEERS=[]
OK
OK: COMPLETE=0 INCOMPLETE=1 PEERS=[(PEER-RQ70EAG865XC25C,25.42.16.68,26047)]
OK
OK: COMPLETE=1 INCOMPLETE=0 PEERS=[]
OK: COMPLETE=1 INCOMPLETE=1 PEERS=[(PEER-LM5SA51IMPNE04M,194.119.136.79,34987)]
OK: COMPLETE=0 INCOMPLETE=1 PEERS=[]
OK
FROZEN
ERROR: Invalid info_hash
OK
OK: COMPLETE=0 INCOMPLETE=1 PEERS=[(PEER-IPCAFY5PRSW4XV6,112.240.65.117,7978)]
OK: COMPLETE=1 INCOMPLETE=1 PEERS=[(PEER-8DCFPPSFYTU8P86,176.176.7.39,52097),(PEER-6RAA2VR0PDK5NWM,92.31.109.140,16748)]
OK
FROZEN
OK: COMPLETE=2 INCOMPLETE=0 PEERS=[]
OK: COMPLETE=0 INCOMPLETE=0 PEERS=[]
OK: COMPLETE=2 INCOMPLETE=1 PEERS=[(PEER-6YT9GC6Y9Z5HV1O,149.143.116.107,64947),(PEER-DM4R2L3SHAOIT4X,104.208.228.35,24962),(PEER-V7D762RBXRA7OXI,224.196.7.245,10945)]
FROZEN
FROZEN
OK: COMPLETE=0 INCOMPLETE=1 PEERS=[]
ERROR: Torrent already exists
OK: COMPLETE=0 INCOMPLETE=0 PEERS=[]
OK
ERROR: Invalid info_hash
OK: COMPLETE=1 INCOMPLETE=0 PEERS=[]
OK
OK: COMPLETE=1 INCOMPLETE=1 PEERS=[]
OK: COMPLETE=1 INCOMPLETE=0 PEERS=[]
OK: COMPLETE=1 INCOMPLETE=1 PEERS=[]
OK
OK: COMPLETE=0 INCOMPLETE=0 PEERS=[]
OK: COMPLETE=3 INCOMPLETE=2 PEERS=[]
OK: COMPLETE=1 INCOMPLETE=0 PEERS=[]
OK
OK: COMPLETE=0 INCOMPLETE=1 PEERS=[(PEER-K3ITC36IXWGJGFH,112.150.185.37,54341)]
OK: COMPLETE=1 INCOMPLETE=1 PEERS=[]
OK: COMPLETE=0 INCOMPLETE=0 PEERS=[]
OK
OK: COMPLETE=3 INCOMPLETE=2 PEERS=[]
OK: COMPLETE=3 INCOMPLETE=2 PEERS=[]
OK: COMPLETE=0 INCOMPLETE=2 PEERS=[(PEER-IULXMZ5SZM5YE39,254.155.86.207,50196),(PEER-83EJNRB060U7Y6I,1.205.227.171,60086)]
ERROR: Invalid info_hash
ERROR: Invalid info_hash
OK
OK
OK
OK
OK
OK: COMPLETE=0 INCOMPLETE=0 PEERS=[]
OK: COMPLETE=0 INCOMPLETE=0 PEERS=[]
OK
OK: COMPLETE=1 INCOMPLETE=1 PEERS=[]
OK
OK: COMPLETE=0 INCOMPLETE=1 PEERS=[]
FROZEN
OK: COMPLETE=0 INCOMPLETE=1 PEERS=[]
OK: COMPLETE=1 INCOMPLETE=1 PEERS=[]
OK
ERROR: Invalid info_hash
OK: COMPLETE=0 INCOMPLETE=1 PEERS=[(PEER-M7DE7XQBSBRGSVS,192.224.113.63,4239)]
OK: COMPLETE=0 INCOMPLETE=0 PEERS=[]
OK: COMPLETE=0 INCOMPLETE=0 PEERS=[]
OK: COMPLETE=3 INCOMPLETE=1 PEERS=[(PEER-V7D762RBXRA7OXI,224.196.7.245,10945)]
ERROR: Invalid info_hash
OK: COMPLETE=0 INCOMPLETE=2 PEERS=[(PEER-TX3T3URZ2KWFDZA,227.47.60.217,9897),(PEER-6QIKH2HJXMGIS4F,117.42.164.5,50733)]
FROZEN
OK: COMPLETE=0 INCOMPLETE=0 PEERS=[]
OK
OK
OK
OK: COMPLETE=1 INCOMPLETE=0 PEERS=[]
ERROR: Invalid info_hash
OK: COMPLETE=0 INCOMPLETE=0 PEERS=[]
OK: COMPLETE=1 INCOMPLETE=0 PEERS=[]
FROZEN
OK: COMPLETE=1 INCOMPLETE=0 PEERS=[]
OK: COMPLETE=0 INCOMPLETE=0 PEERS=[]
FROZEN
FROZEN
ERROR: Torrent already exists
OK: COMPLETE=0 INCOMPLETE=0 PEERS=[]
OK
OK: COMPLETE=0 INCOMPLETE=0 PEERS=[]
FROZEN
OK
OK
OK: COMPLETE=0 INCOMPLETE=1 PEERS=[]
OK: COMPLETE=0 INCOMPLETE=0 PEERS=[]
OK: COMPLETE=1 INCOMPLETE=0 PEERS=[]
ERROR: Torrent already exists
OK: COMPLETE=1 INCOMPLETE=1 PEERS=[]
OK
FROZEN
OK: COMPLETE=0 INCOMPLETE=0 PEERS=[]
OK: COMPLETE=1 INCOMPLETE=0 PEERS=[]
OK: COMPLETE=0 INCOMPLETE=0 PEERS=[]
OK: COMPLETE=0 INCOMPLETE=2 PEERS=[]
OK: COMPLETE=0 INCOMPLETE=1 PEERS=[]
OK
OK
OK: COMPLETE=0 INCOMPLETE=1 PEERS=[]
OK
OK: COMPLETE=0 INCOMPLETE=0 PEERS=[]
OK: COMPLETE=0 INCOMPLETE=1 PEERS=[]
OK
OK: COMPLETE=1 INCOMPLETE=0 PEERS=[]
OK: COMPLETE=0 INCOMPLETE=0 PEERS=[]
OK: COMPLETE=2 INCOMPLETE=0 PEERS=[]
OK: COMPLETE=1 INCOMPLETE=1 PEERS=[]
OK: COMPLETE=1 INCOMPLETE=1 PEERS=[]
OK: COMPLETE=0 INCOMPLETE=0 PEERS=[]
OK
FROZEN
OK: COMPLETE=0 INCOMPLETE=0 PEERS=[]
OK: COMPLETE=1 INCOMPLETE=0 PEERS=[]
OK: COMPLETE=1 INCOMPLETE=1 PEERS=[]
OK: COMPLETE=0 INCOMPLETE=1 PEERS=[]
OK
OK
OK: COMPLETE=0 INCOMPLETE=0 PEERS=[]
OK
OK: COMPLETE=2 INCOMPLETE=0 PEERS=[]
OK: COMPLETE=0 INCOMPLETE=1 PEERS=[]
OK: COMPLETE=0 INCOMPLETE=0 PEERS=[]
OK
OK
OK: COMPLETE=0 INCOMPLETE=0 PEERS=[]
OK: COMPLETE=0 INCOMPLETE=1 PEERS=[(PEER-I4LQHJ0YJ97GXAN,158.40.20.215,44590)]
ERROR: Torrent already exists
OK: COMPLETE=0 INCOMPLETE=1 PEERS=[]
OK: COMPLETE=1 INCOMPLETE=0 PEERS=[]
OK: COMPLETE=1 INCOMPLETE=0 PEERS=[]
OK: COMPLETE=0 INCOMPLETE=0 PEERS=[]
ERROR: Invalid info_hash
ERROR: Invalid info_hash
OK: COMPLETE=0 INCOMPLETE=0 PEERS=[]
OK: COMPLETE=1 INCOMPLETE=0 PEERS=[]
OK: COMPLETE=0 INCOMPLETE=0 PEERS=[]
OK: COMPLETE=1 INCOMPLETE=1 PEERS=[]
OK: COMPLETE=0 INCOMPLETE=0 PEERS=[]
OK: COMPLETE=0 INCOMPLETE=1 PEERS=[]
OK: COMPLETE=0 INCOMPLETE=1 PEERS=[(PEER-YGMTR2DKUOBGWGX,65.62.147.158,37928)]
OK: COMPLETE=0 INCOMPLETE=1 PEERS=[]
OK
OK: COMPLETE=1 INCOMPLETE=0 PEERS=[]
OK: COMPLETE=0 INCOMPLETE=1 PEERS=[(PEER-Z5KL4X1IFQ5F4M6,237.188.7.21,17386)]
OK: COMPLETE=0 INCOMPLETE=0 PEERS=[]
OK: COMPLETE=0 INCOMPLETE=0 PEERS=[]
OK: COMPLETE=0 INCOMPLETE=1 PEERS=[]
OK: COMPLETE=1 INCOMPLETE=1 PEERS=[(PEER-RKWAEKKIR7LVP1U,89.129.51.206,18076)]
ERROR: Invalid info_hash
OK: COMPLETE=2 INCOMPLETE=0 PEERS=[]
OK: COMPLETE=1 INCOMPLETE=0 PEERS=[]
OK: COMPLETE=2 INCOMPLETE=0 PEERS=[]
OK: COMPLETE=0 INCOMPLETE=0 PEERS=[]
ERROR: Invalid info_hash
FROZEN
OK
OK: COMPLETE=0 INCOMPLETE=0 PEERS=[]
ERROR: Invalid info_hash
ERROR: Invalid info_hash
OK
FROZEN
OK: COMPLETE=0 INCOMPLETE=1 PEERS=[(PEER-5F0KDL9MHOJT69D,170.20.65.134,16754)]
OK: COMPLETE=0 INCOMPLETE=0 PEERS=[]
OK: COMPLETE=0 INCOMPLETE=0 PEERS=[]
OK
OK: COMPLETE=1 INCOMPLETE=1 PEERS=[]
FROZEN
OK: COMPLETE=2 INCOMPLETE=0 PEERS=[]
OK: COMPLETE=0 INCOMPLETE=0 PEERS=[]
OK: COMPLETE=0 INCOMPLETE=1 PEERS=[(PEER-39P5LF6085ZX8AR,174.44.5.169,54673)]
OK: COMPLETE=2 INCOMPLETE=0 PEERS=[]
FROZEN
OK: COMPLETE=1 INCOMPLETE=1 PEERS=[(PEER-RQ70EAG865XC25C,25.42.16.68,26047)]
OK: COMPLETE=1 INCOMPLETE=0 PEERS=[]
OK: COMPLETE=1 INCOMPLETE=1 PEERS=[(PEER-VDOVQ57TZ9X6OJT,177.80.186.191,6598),(PEER-V7D762RBXRA7OXI,224.196.7.245,10945)]
ERROR: Invalid info_hash
OK: COMPLETE=0 INCOMPLETE=3 PEERS=[(PEER-TX3T3URZ2KWFDZA,227.47.60.217,9897),(PEER-6QIKH2HJXMGIS4F,117.42.164.5,50733),(PEER-IZW96Y6TG3GDGIE,94.147.231.240,22140)]
OK: COMPLETE=0 INCOMPLETE=0 PEERS=[]
OK: COMPLETE=0 INCOMPLETE=0 PEERS=[]
OK: COMPLETE=1 INCOMPLETE=1 PEERS=[]
OK: COMPLETE=0 INCOMPLETE=2 PEERS=[(PEER-IPCAFY5PRSW4XV6,112.240.65.117,7978),(PEER-5F0KDL9MHOJT69D,170.20.65.134,16754)]
OK
OK
OK
OK: COMPLETE=0 INCOMPLETE=0 PEERS=[]
OK: COMPLETE=1 INCOMPLETE=0 PEERS=[]
ERROR: Invalid info_hash
OK
OK: COMPLETE=1 INCOMPLETE=1 PEERS=[(PEER-D879GHTTIXRC55H,44.173.233.50,31282),(PEER-Z91SSNWCB6N5CFJ,253.65.186.108,45826)]
OK: COMPLETE=1 INCOMPLETE=0 PEERS=[]
OK: COMPLETE=0 INCOMPLETE=0 PEERS=[]
ERROR: Invalid info_hash
OK: COMPLETE=0 INCOMPLETE=0 PEERS=[]
OK
OK
OK: COMPLETE=0 INCOMPLETE=0 PEERS=[]
OK: COMPLETE=0 INCOMPLETE=1 PEERS=[(PEER-QTETQ1FSJ566CZH,225.216.255.248,57020)]
OK
ERROR: Invalid info_hash
OK: COMPLETE=0 INCOMPLETE=0 PEERS=[]
OK: COMPLETE=1 INCOMPLETE=1 PEERS=[]
OK: COMPLETE=1 INCOMPLETE=0 PEERS=[]
OK
OK: COMPLETE=0 INCOMPLETE=2 PEERS=[(PEER-IPCAFY5PRSW4XV6,112.240.65.117,7978),(PEER-5F0KDL9MHOJT69D,170.20.65.134,16754)]
OK: COMPLETE=1 INCOMPLETE=1 PEERS=[]
OK: COMPLETE=0 INCOMPLETE=1 PEERS=[]
OK: COMPLETE=1 INCOMPLETE=1 PEERS=[]
ERROR: Invalid info_hash
FROZEN
OK: COMPLETE=2 INCOMPLETE=0 PEERS=[]
OK: COMPLETE=0 INCOMPLETE=0 PEERS=[]
OK: COMPLETE=2 INCOMPLETE=0 PEERS=[]
OK: COMPLETE=2 INCOMPLETE=0 PEERS=[]
OK
OK
OK: COMPLETE=0 INCOMPLETE=0 PEERS=[]
OK: COMPLETE=0 INCOMPLETE=0 PEERS=[]
FROZEN
OK
OK
FROZEN
ERROR: Invalid info_hash
OK: COMPLETE=0 INCOMPLETE=2 PEERS=[]
FROZEN
OK
OK
OK: COMPLETE=1 INCOMPLETE=1 PEERS=[]
OK
OK
OK: COMPLETE=0 INCOMPLETE=2 PEERS=[(PEER-POY0PJ81JN8MR0L,54.217.50.167,37217),(PEER-I4LQHJ0YJ97GXAN,158.40.20.215,44590)]
OK
OK: COMPLETE=1 INCOMPLETE=0 PEERS=[]
OK
OK: COMPLETE=0 INCOMPLETE=0 PEERS=[]
OK: COMPLETE=1 INCOMPLETE=1 PEERS=[]
OK: COMPLETE=0 INCOMPLETE=2 PEERS=[]
ERROR: Invalid info_hash
ERROR: Torrent already exists
OK: COMPLETE=0 INCOMPLETE=0 PEERS=[]
OK: COMPLETE=0 INCOMPLETE=0 PEERS=[]
OK: COMPLETE=0 INCOMPLETE=0 PEERS=[]
OK: COMPLETE=2 INCOMPLETE=1 PEERS=[(PEER-3VDL5ABM21DVZX6,208.11.225.143,10125),(PEER-G0SRALI1YZMRTOJ,70.238.95.131,56196),(PEER-K34UO9CNS01C6KQ,30.229.67.244,26422)]
FROZEN
FROZEN
OK: COMPLETE=1 INCOMPLETE=1 PEERS=[]
OK: COMPLETE=0 INCOMPLETE=0 PEERS=[]
OK: COMPLETE=0 INCOMPLETE=0 PEERS=[]
OK: COMPLETE=2 INCOMPLETE=2 PEERS=[(PEER-3VDL5ABM21DVZX6,208.11.225.143,10125),(PEER-G0SRALI1YZMRTOJ,70.238.95.131,56196)]
OK: COMPLETE=0 INCOMPLETE=0 PEERS=[]
OK: COMPLETE=1 INCOMPLETE=0 PEERS=[]
OK: COMPLETE=0 INCOMPLETE=0 PEERS=[]
OK
OK: COMPLETE=0 INCOMPLETE=0 PEERS=[]
OK: COMPLETE=1 INCOMPLETE=1 PEERS=[]
OK: COMPLETE=2 INCOMPLETE=2 PEERS=[]
OK: COMPLETE=1 INCOMPLETE=1 PEERS=[]
OK
OK: COMPLETE=0 INCOMPLETE=2 PEERS=[]
OK
OK: COMPLETE=1 INCOMPLETE=1 PEERS=[]
OK: COMPLETE=1 INCOMPLETE=1 PEERS=[]
OK: COMPLETE=0 INCOMPLETE=1 PEERS=[(PEER-0PLTBY7X4UTLYLD,202.150.97.133,45658)]
OK: COMPLETE=0 INCOMPLETE=0 PEERS=[]
OK
OK
ERROR: Torrent already exists
OK: COMPLETE=0 INCOMPLETE=0 PEERS=[]
OK: COMPLETE=0 INCOMPLETE=0 PEERS=[]
OK: COMPLETE=1 INCOMPLETE=2 PEERS=[(PEER-IPCAFY5PRSW4XV6,112.240.65.117,7978),(PEER-5F0KDL9MHOJT69D,170.20.65.134,16754)]
OK: COMPLETE=0 INCOMPLETE=0 PEERS=[]
OK: COMPLETE=1 INCOMPLETE=2 PEERS=[(PEER-D879GHTTIXRC55H,44.173.233.50,31282),(PEER-Z91SSNWCB6N5CFJ,253.65.186.108,45826),(PEER-UWD303P2Q3V8D1L,144.113.163.146,32643)]
OK
FROZEN
OK
FROZEN
OK: COMPLETE=0 INCOMPLETE=0 PEERS=[]
OK
OK: COMPLETE=0 INCOMPLETE=2 PEERS=[]
ERROR: Invalid info_hash
OK: COMPLETE=1 INCOMPLETE=2 PEERS=[]
OK
OK: COMPLETE=0 INCOMPLETE=2 PEERS=[]
OK
OK
OK: COMPLETE=0 INCOMPLETE=0 PEERS=[]
OK: COMPLETE=0 INCOMPLETE=0 PEERS=[]
OK
OK: COMPLETE=1 INCOMPLETE=2 PEERS=[]
OK: COMPLETE=0 INCOMPLETE=0 PEERS=[]
ERROR: Invalid info_hash
OK: COMPLETE=1 INCOMPLETE=3 PEERS=[(PEER-D879GHTTIXRC55H,44.173.233.50,31282),(PEER-Z91SSNWCB6N5CFJ,253.65.186.108,45826),(PEER-UWD303P2Q3V8D1L,144.113.163.146,32643),(PEER-EA9LUA3SEKUOEWZ,207.223.7.106,32795)]
OK: COMPLETE=0 INCOMPLETE=1 PEERS=[]
ERROR: Invalid info_hash
OK
OK: COMPLETE=0 INCOMPLETE=0 PEERS=[]
ERROR: Invalid info_hash
OK: COMPLETE=1 INCOMPLETE=1 PEERS=[]
OK: COMPLETE=1 INCOMPLETE=0 PEERS=[]
OK: COMPLETE=1 INCOMPLETE=0 PEERS=[]
ERROR: Invalid info_hash
OK: COMPLETE=0 INCOMPLETE=0 PEERS=[]
OK: COMPLETE=1 INCOMPLETE=1 PEERS=[]
OK: COMPLETE=0 INCOMPLETE=0 PEERS=[]
OK: COMPLETE=0 INCOMPLETE=0 PEERS=[]
OK: COMPLETE=0 INCOMPLETE=0 PEERS=[]
OK: COMPLETE=1 INCOMPLETE=1 PEERS=[]
OK: COMPLETE=0 INCOMPLETE=0 PEERS=[]
OK: COMPLETE=1 INCOMPLETE=3 PEERS=[]
OK: COMPLETE=1 INCOMPLETE=3 PEERS=[]
OK: COMPLETE=0 INCOMPLETE=0 PEERS=[]
OK: COMPLETE=1 INCOMPLETE=1 PEERS=[]
OK
OK: COMPLETE=2 INCOMPLETE=2 PEERS=[]
OK: COMPLETE=0 INCOMPLETE=0 PEERS=[]
OK
OK: COMPLETE=0 INCOMPLETE=0 PEERS=[]
OK: COMPLETE=0 INCOMPLETE=0 PEERS=[]
OK: COMPLETE=0 INCOMPLETE=0 PEERS=[]
ERROR: Invalid info_hash
OK
OK: COMPLETE=0 INCOMPLETE=0 PEERS=[]
FROZEN
OK
ERROR: Invalid info_hash
OK
ERROR: Torrent already exists
OK: COMPLETE=0 INCOMPLETE=0 PEERS=[]
OK
OK: COMPLETE=0 INCOMPLETE=1 PEERS=[]
OK: COMPLETE=0 INCOMPLETE=0 PEERS=[]
OK: COMPLETE=0 INCOMPLETE=0 PEERS=[]
ERROR: Invalid info_hash
OK: COMPLETE=1 INCOMPLETE=0 PEERS=[]
ERROR: Invalid info_hash
ERROR: Invalid info_hash
OK
FROZEN
OK
OK
OK
OK
OK: COMPLETE=1 INCOMPLETE=1 PEERS=[(PEER-3ZP2TPK0U6FM541,245.161.173.218,28939),(PEER-T2GQCA0A07LZWMK,166.125.148.220,61822)]
FROZEN
OK: COMPLETE=1 INCOMPLETE=3 PEERS=[]
OK
ERROR: Invalid info_hash
OK
OK: COMPLETE=0 INCOMPLETE=0 PEERS=[]
OK: COMPLETE=2 INCOMPLETE=1 PEERS=[(PEER-93XA4XZRPO0SALD,176.107.112.253,26513)]
OK: COMPLETE=0 INCOMPLETE=0 PEERS=[]
FROZEN
OK: COMPLETE=0 INCOMPLETE=0 PEERS=[]
OK: COMPLETE=0 INCOMPLETE=1 PEERS=[(PEER-EA9LUA3SEKUOEWZ,207.223.7.106,32795)]
OK: COMPLETE=0 INCOMPLETE=0 PEERS=[]
OK
OK: COMPLETE=0 INCOMPLETE=1 PEERS=[(PEER-0AMYNJFAPR0QJYF,254.121.17.228,4111)]
OK: COMPLETE=0 INCOMPLETE=0 PEERS=[]
OK
OK: COMPLETE=0 INCOMPLETE=0 PEERS=[]
OK: COMPLETE=0 INCOMPLETE=0 PEERS=[]
OK: COMPLETE=1 INCOMPLETE=3 PEERS=[]
FROZEN
OK: COMPLETE=0 INCOMPLETE=0 PEERS=[]
OK: COMPLETE=0 INCOMPLETE=0 PEERS=[]
OK: COMPLETE=0 INCOMPLETE=0 PEERS=[]
OK
OK
OK
OK: COMPLETE=1 INCOMPLETE=4 PEERS=[(PEER-D879GHTTIXRC55H,44.173.233.50,31282),(PEER-Z91SSNWCB6N5CFJ,253.65.186.108,45826),(PEER-UWD303P2Q3V8D1L,144.113.163.146,32643),(PEER-EA9LUA3SEKUOEWZ,207.223.7.106,32795),(PEER-IMZHHXMG7RQ9NDC,177.180.240.244,20938)]
OK
OK
OK
FROZEN
OK
OK: COMPLETE=0 INCOMPLETE=0 PEERS=[]
OK: COMPLETE=1 INCOMPLETE=0 PEERS=[]
OK: COMPLETE=1 INCOMPLETE=0 PEERS=[]
OK: COMPLETE=1 INCOMPLETE=0 PEERS=[]
OK
OK: COMPLETE=0 INCOMPLETE=0 PEERS=[]
OK: COMPLETE=1 INCOMPLETE=1 PEERS=[]
ERROR: Invalid info_hash
OK: COMPLETE=2 INCOMPLETE=1 PEERS=[(PEER-RQ70EAG865XC25C,25.42.16.68,26047)]
OK: COMPLETE=0 INCOMPLETE=0 PEERS=[]
OK
OK
OK: COMPLETE=0 INCOMPLETE=0 PEERS=[]
OK: COMPLETE=0 INCOMPLETE=0 PEERS=[]
OK
ERROR: Torrent already exists
OK: COMPLETE=0 INCOMPLETE=1 PEERS=[]
OK: COMPLETE=1 INCOMPLETE=0 PEERS=[]
OK: COMPLETE=1 INCOMPLETE=0 PEERS=[]
OK: COMPLETE=1 INCOMPLETE=1 PEERS=[]
OK: COMPLETE=0 INCOMPLETE=0 PEERS=[]
FROZEN
OK: COMPLETE=1 INCOMPLETE=0 PEERS=[]
OK
OK
OK: COMPLETE=1 INCOMPLETE=0 PEERS=[]
OK
OK: COMPLETE=0 INCOMPLETE=0 PEERS=[]
OK: COMPLETE=0 INCOMPLETE=0 PEERS=[]
OK
ERROR: Torrent already exists
FROZEN
OK
OK: COMPLETE=0 INCOMPLETE=0 PEERS=[]
OK: COMPLETE=0 INCOMPLETE=0 PEERS=[]
OK: COMPLETE=0 INCOMPLETE=0 PEERS=[]
OK: COMPLETE=1 INCOMPLETE=0 PEERS=[]
OK: COMPLETE=0 INCOMPLETE=0 PEERS=[]
OK: COMPLETE=1 INCOMPLETE=0 PEERS=[]
OK
OK: COMPLETE=0 INCOMPLETE=0 PEERS=[]
OK: COMPLETE=0 INCOMPLETE=0 PEERS=[]
OK: COMPLETE=1 INCOMPLETE=0 PEERS=[]
OK
OK: COMPLETE=0 INCOMPLETE=0 PEERS=[]
OK: COMPLETE=0 INCOMPLETE=1 PEERS=[]
ERROR: Invalid info_hash
OK: COMPLETE=0 INCOMPLETE=0 PEERS=[]
OK: COMPLETE=0 INCOMPLETE=0 PEERS=[]
ERROR: Invalid info_hash
OK: COMPLETE=0 INCOMPLETE=1 PEERS=[]
ERROR: Invalid info_hash
